---
layout:     post
title:      "JVM--深入理解G1垃圾收集过程"
date:       2021-03-23 13:10:00 +0800
author:     "simba"
header-img: "img/post-bg-miui6.jpg"
tags:
    - JVM

---



## 导航
[一. G1收集的三种类型](#jump1)
<br>
[二. Mixed GC的完整流程](#jump2)
<br>
[三. 对照日志,印证Mixed GC各阶段](#jump3)
<br>
[四. Full GC](#jump4)
<br>









<br><br>
## <span id="jump1">一. G1收集的三种类型</span>

* 年轻代GC,与其他垃圾收集器的行为是类似的,当G1发生年轻代GC的时候,只涉及到年轻代region区的回收,不会回收老年代region
* 全局并发标记,当然这种行为周期不是一个收集行为,而是为Mixed GC做准备的,服务于Mixed GC
* Mixed GC,会回收整个年轻代region以及部分老年代



<br><br>
## <span id="jump2">二. Mixed GC的完整流程</span>

<br>
**<font size="5">关键阶段一: 常规Young GC</font>** <br>

在Mixed GC开始之前,JVM会处于正常进行常规Young GC的状态,某次Young GC时,根据统计的region信息等判断堆用量达到某些条件了
* 老年代用量占堆内存总用量的的百分比超过了G1HeapWastePercent,默认45%
* 堆中预留可用内存少于G1ReservePercent,默认10%

这时,会请求触发全局并发标记周期(global concurrent mark cycle)



<br>
**<font size="5">关键阶段二: 第二次Young GC,也即初始标记(The Initial Mark Phase)</font>** <br>

在第一阶段Young GC请求触发全局并发标记周期后,并不会立即开始全局并发标记周期.而是会等下一次Young GC,也就是第二次Young GC发生,在这次Young GC阶段,会复用其STW时的root scan来完成初始标记(initial mark).<br>


<br>
**<font size="5">关键阶段三: 根区扫描(The Root Region Scanning Phase)</font>** <br>

由于初始标记必然会伴随一次新生代GC,所以在初始化标记后,eden被清空,并且存活对象被移到survivor区.在这个阶段,将扫描由survivor区直接可达的老年代区域,并标记这些直接可达的对象.这个过程是可以和应用程序并发执行的.但是根区域扫描不能和新生代GC同时发生(因为根区域扫描依赖survivor区的对象,而新生代GC会修改这个区域),故如果恰巧此时需要新生代GC,GC就需要等待根区域扫描结束后才能进行,如果发生这种情况,这次新生代GC的时间就会延长<br>


<br>
**<font size="5">关键阶段四: 并发标记(The Concurrent Marking Phase)</font>** <br>

并发标记阶段,进行对象图遍历,来从整堆范围内查找存活对象,可与用户线程并发.<br>


<br>
**<font size="5">关键阶段五: 最终标记(The Remark Phase)</font>** <br>

最终标记阶段,G1采用的是原始快照方式(SATB,Snapshot At The Beginning)


<br>
**<font size="5">关键阶段六: 清理(The Cleanup Phase)</font>**

This is the final phase of the multi-phase marking cycle. It is partly STW when G1 GC does live-ness accounting (to identify completely free regions and mixed garbage collection candidate regions) and when G1 GC scrubs the RSets. It is partly concurrent when G1 GC resets and returns the empty regions to the free list.<br>

这是全局并发标记周期的最后一个阶段,在G1进行存活核算(用于识别出完全释放的region列表,这些region中一个存活对象都没有,因此可以直接释放 与 后面Mixed GC时可用的候选regions,为后面的CSet选择做准备)和擦除RSets的时候,它是部分STW的.把完全释放regions(一个存活对象都没有的regions)重置和归还会free列表的这个过程,是部分并发的.<br>


<br>
**<font size="5">关键阶段七: Mixed GC</font>**

A mixed collection can (and usually does) happen over multiple mixed garbage collection cycles. When a sufficient number of old regions are collected, G1 GC reverts to performing the young garbage collections until the next marking cycle completes. A number of flags listed and defined here control the exact number of old regions added to the CSets:
* –XX:G1MixedGCLiveThresholdPercent
* –XX:G1HeapWastePercent
* –XX:G1MixedGCCountTarget

一次Mixed收集是包含多次Mixed GC的,它是一段过程,而不只是单一的一次执行.当足够数量的老年代region被回收了之后,G1回到执行young gc的状态,直到下次触发全局并发标记周期.上面三个参数之前的文章里解释过<br>


The first level of reclamation happens during the Cleanup phase (of the multi-phased marking cycle) when the \*completely\* free (i.e. full of garbage) regions are reclaimed and returned to the free list. The next level happens during the incremental mixed garbage collections.



<br><br>
## <span id="jump3">三. 对照日志,印证Mixed GC各阶段</span>

```
# 阶段一: 可以看到,这里首先是一次常规young gc,判断满足了老年代占比条件,因此它请求触发一次全局并发标记周期

2021-03-22T17:12:14.429+0800: 347567.943: [GC pause (G1 Evacuation Pause) (young) 347567.943: [G1Ergonomics (CSet Construction) start choosing CSet, _pending_cards: 56537, predicted base time: 16.25 ms, remaining time: 83.75 ms, target pause time: 100.00 ms]
 347567.943: [G1Ergonomics (CSet Construction) add young regions to CSet, eden: 306 regions, survivors: 10 regions, predicted young region time: 51.79 ms]
 347567.943: [G1Ergonomics (CSet Construction) finish choosing CSet, eden: 306 regions, survivors: 10 regions, old: 0 regions, predicted pause time: 68.04 ms, target pause time: 100.00 ms]
 347568.003: [G1Ergonomics (Concurrent Cycles) request concurrent cycle initiation, reason: occupancy higher than threshold, occupancy: 14529069056 bytes, allocation request: 0 bytes, threshold: 10146860235 bytes (45.00 %), source: end of GC]
, 0.0605126 secs]
   [Parallel Time: 56.2 ms, GC Workers: 13]
      [GC Worker Start (ms): Min: 347567943.8, Avg: 347567943.9, Max: 347567944.1, Diff: 0.3]
      [Ext Root Scanning (ms): Min: 1.4, Avg: 1.5, Max: 1.7, Diff: 0.4, Sum: 20.1]
      [Update RS (ms): Min: 11.5, Avg: 11.7, Max: 12.0, Diff: 0.5, Sum: 151.6]
         [Processed Buffers: Min: 16, Avg: 20.8, Max: 28, Diff: 12, Sum: 271]
      [Scan RS (ms): Min: 22.1, Avg: 22.5, Max: 22.8, Diff: 0.6, Sum: 293.0]
      [Code Root Scanning (ms): Min: 0.0, Avg: 0.0, Max: 0.0, Diff: 0.0, Sum: 0.0]
      [Object Copy (ms): Min: 19.7, Avg: 20.1, Max: 20.2, Diff: 0.4, Sum: 261.2]
      [Termination (ms): Min: 0.0, Avg: 0.0, Max: 0.0, Diff: 0.0, Sum: 0.1]
         [Termination Attempts: Min: 1, Avg: 6.2, Max: 9, Diff: 8, Sum: 80]
      [GC Worker Other (ms): Min: 0.0, Avg: 0.1, Max: 0.1, Diff: 0.1, Sum: 1.3]
      [GC Worker Total (ms): Min: 55.8, Avg: 55.9, Max: 56.1, Diff: 0.3, Sum: 727.3]
      [GC Worker End (ms): Min: 347567999.8, Avg: 347567999.9, Max: 347567999.9, Diff: 0.1]
   [Code Root Fixup: 0.0 ms]
   [Code Root Purge: 0.0 ms]
   [Clear CT: 1.1 ms]
   [Other: 3.1 ms]
      [Choose CSet: 0.0 ms]
      [Ref Proc: 0.3 ms]
      [Ref Enq: 0.0 ms]
      [Redirty Cards: 0.6 ms]
      [Humongous Register: 0.2 ms]
      [Humongous Reclaim: 0.0 ms]
      [Free CSet: 0.9 ms]
   [Eden: 2448.0M(2448.0M)->0.0B(5320.0M) Survivors: 80.0M->88.0M Heap: 16.0G(21.0G)->13.6G(21.0G)]
 [Times: user=0.72 sys=0.01, real=0.06 secs] 



# 阶段二: 可以看到全局并发标记周期没有立即开始,而是等到第二次young gc,复用其STW的root scan完成初始标记

 348110.043: [G1Ergonomics (Concurrent Cycles) initiate concurrent cycle, reason: concurrent cycle initiation requested]
2021-03-22T17:21:16.529+0800: 348110.043: [GC pause (G1 Evacuation Pause) (young) (initial-mark) 348110.044: [G1Ergonomics (CSet Construction) start choosing CSet, _pending_cards: 45892, predicted base time: 14.56 ms, remaining time: 85.44 ms, target pause time: 100.00 ms]
 348110.044: [G1Ergonomics (CSet Construction) add young regions to CSet, eden: 665 regions, survivors: 11 regions, predicted young region time: 64.24 ms]
 348110.044: [G1Ergonomics (CSet Construction) finish choosing CSet, eden: 665 regions, survivors: 11 regions, old: 0 regions, predicted pause time: 78.80 ms, target pause time: 100.00 ms]
, 0.0731930 secs]
   [Parallel Time: 67.3 ms, GC Workers: 13]
      [GC Worker Start (ms): Min: 348110044.1, Avg: 348110044.3, Max: 348110044.4, Diff: 0.3]
      [Ext Root Scanning (ms): Min: 1.3, Avg: 1.4, Max: 1.7, Diff: 0.4, Sum: 18.6]
      [Update RS (ms): Min: 8.2, Avg: 8.3, Max: 8.5, Diff: 0.3, Sum: 108.1]
         [Processed Buffers: Min: 13, Avg: 18.0, Max: 34, Diff: 21, Sum: 234]
      [Scan RS (ms): Min: 31.1, Avg: 31.3, Max: 31.4, Diff: 0.3, Sum: 406.4]
      [Code Root Scanning (ms): Min: 0.0, Avg: 0.0, Max: 0.0, Diff: 0.0, Sum: 0.1]
      [Object Copy (ms): Min: 25.6, Avg: 25.7, Max: 25.8, Diff: 0.2, Sum: 333.9]
      [Termination (ms): Min: 0.0, Avg: 0.0, Max: 0.0, Diff: 0.0, Sum: 0.0]
         [Termination Attempts: Min: 1, Avg: 1.2, Max: 2, Diff: 1, Sum: 16]
      [GC Worker Other (ms): Min: 0.0, Avg: 0.1, Max: 0.2, Diff: 0.2, Sum: 1.5]
      [GC Worker Total (ms): Min: 66.6, Avg: 66.8, Max: 67.0, Diff: 0.4, Sum: 868.6]
      [GC Worker End (ms): Min: 348110111.0, Avg: 348110111.1, Max: 348110111.2, Diff: 0.2]
   [Code Root Fixup: 0.0 ms]
   [Code Root Purge: 0.0 ms]
   [Clear CT: 1.4 ms]
   [Other: 4.5 ms]
      [Choose CSet: 0.0 ms]
      [Ref Proc: 0.5 ms]
      [Ref Enq: 0.0 ms]
      [Redirty Cards: 0.8 ms]
      [Humongous Register: 0.0 ms]
      [Humongous Reclaim: 0.0 ms]
      [Free CSet: 1.7 ms]
   [Eden: 5320.0M(5320.0M)->0.0B(5272.0M) Survivors: 88.0M->112.0M Heap: 18.8G(21.0G)->13.6G(21.0G)]
 [Times: user=0.89 sys=0.00, real=0.07 secs] 



# 阶段三: 根区扫描

2021-03-22T17:21:16.603+0800: 348110.117: [GC concurrent-root-region-scan-start]
2021-03-22T17:21:16.631+0800: 348110.146: [GC concurrent-root-region-scan-end, 0.0287844 secs]


# 阶段四: 并发标记

2021-03-22T17:21:16.631+0800: 348110.146: [GC concurrent-mark-start]
2021-03-22T17:21:28.509+0800: 348122.023: [GC concurrent-mark-end, 11.8771087 secs]



# 阶段五: 最终标记

2021-03-22T17:21:28.511+0800: 348122.025: [GC remark 2021-03-22T17:21:28.511+0800: 348122.025: [Finalize Marking, 0.0008376 secs] 2021-03-22T17:21:28.511+0800: 348122.026: [GC ref-proc, 0.0004338 secs] 2021-03-22T17:21:28.512+0800: 348122.026: [Unloading, 0.0088322 secs], 0.0291252 secs]
 [Times: user=0.34 sys=0.01, real=0.03 secs] 



# 阶段六: 清理

2021-03-22T17:21:28.542+0800: 348122.056: [GC cleanup 13G->13G(21G), 0.0252765 secs]
 [Times: user=0.31 sys=0.00, real=0.03 secs] 



# 插曲: 这里有一次young gc触发,判断满足触发全局并发标记的条件,但此时已经处于Mixed GC周期中了,因此不再开启全局并发标记,从日志中的reason也可看出

2021-03-22T17:30:23.620+0800: 348657.134: [GC pause (G1 Evacuation Pause) (young) 348657.134: [G1Ergonomics (CSet Construction) start choosing CSet, _pending_cards: 42608, predicted base time: 13.96 ms, remaining time: 86.04 ms, target pause time: 100.00 ms]
 348657.134: [G1Ergonomics (CSet Construction) add young regions to CSet, eden: 659 regions, survivors: 14 regions, predicted young region time: 71.76 ms]
 348657.134: [G1Ergonomics (CSet Construction) finish choosing CSet, eden: 659 regions, survivors: 14 regions, old: 0 regions, predicted pause time: 85.72 ms, target pause time: 100.00 ms]
 348657.221: [G1Ergonomics (Concurrent Cycles) do not request concurrent cycle initiation, reason: still doing mixed collections, occupancy: 14529069056 bytes, allocation request: 0 bytes, threshold: 10146860235 bytes (45.00 %), source: end of GC]



 # 阶段七: Mixed GC

 348657.221: [G1Ergonomics (Mixed GCs) start mixed GCs, reason: candidate old regions available, candidate old regions: 873 regions, reclaimable: 2283524992 bytes (10.13 %), threshold: 10.00 %]
, 0.0875293 secs]
   [Parallel Time: 81.4 ms, GC Workers: 13]
      [GC Worker Start (ms): Min: 348657134.4, Avg: 348657134.6, Max: 348657134.8, Diff: 0.3]
      [Ext Root Scanning (ms): Min: 1.0, Avg: 1.2, Max: 1.4, Diff: 0.4, Sum: 15.5]
      [Update RS (ms): Min: 7.8, Avg: 8.0, Max: 8.2, Diff: 0.4, Sum: 103.4]
         [Processed Buffers: Min: 12, Avg: 17.0, Max: 28, Diff: 16, Sum: 221]
      [Scan RS (ms): Min: 41.2, Avg: 41.4, Max: 41.6, Diff: 0.4, Sum: 538.7]
      [Code Root Scanning (ms): Min: 0.0, Avg: 0.0, Max: 0.0, Diff: 0.0, Sum: 0.1]
      [Object Copy (ms): Min: 30.1, Avg: 30.2, Max: 30.3, Diff: 0.2, Sum: 393.1]
      [Termination (ms): Min: 0.0, Avg: 0.0, Max: 0.0, Diff: 0.0, Sum: 0.1]
         [Termination Attempts: Min: 1, Avg: 8.3, Max: 13, Diff: 12, Sum: 108]
      [GC Worker Other (ms): Min: 0.0, Avg: 0.1, Max: 0.2, Diff: 0.2, Sum: 1.4]
      [GC Worker Total (ms): Min: 80.7, Avg: 80.9, Max: 81.2, Diff: 0.5, Sum: 1052.3]
      [GC Worker End (ms): Min: 348657215.5, Avg: 348657215.6, Max: 348657215.7, Diff: 0.2]
   [Code Root Fixup: 0.0 ms]
   [Code Root Purge: 0.0 ms]
   [Clear CT: 1.5 ms]
   [Other: 4.6 ms]
      [Choose CSet: 0.0 ms]
      [Ref Proc: 0.6 ms]
      [Ref Enq: 0.0 ms]
      [Redirty Cards: 0.9 ms]
      [Humongous Register: 0.2 ms]
      [Humongous Reclaim: 0.0 ms]
      [Free CSet: 1.8 ms]
   [Eden: 5272.0M(5272.0M)->0.0B(960.0M) Survivors: 112.0M->112.0M Heap: 18.8G(21.0G)->13.6G(21.0G)]
 [Times: user=1.07 sys=0.01, real=0.09 secs] 
2021-03-22T17:32:15.493+0800: 348769.007: [GC pause (G1 Evacuation Pause) (mixed) 348769.007: [G1Ergonomics (CSet Construction) start choosing CSet, _pending_cards: 63084, predicted base time: 17.83 ms, remaining time: 82.17 ms, target pause time: 100.00 ms]
 348769.007: [G1Ergonomics (CSet Construction) add young regions to CSet, eden: 120 regions, survivors: 14 regions, predicted young region time: 53.38 ms]
 348769.007: [G1Ergonomics (CSet Construction) finish adding old regions to CSet, reason: reclaimable percentage not over threshold, old: 8 regions, max: 135 regions, reclaimable: 2253014792 bytes (9.99 %), threshold: 10.00 %]
 348769.007: [G1Ergonomics (CSet Construction) finish choosing CSet, eden: 120 regions, survivors: 14 regions, old: 8 regions, predicted pause time: 95.73 ms, target pause time: 100.00 ms]
 348769.107: [G1Ergonomics (Concurrent Cycles) do not request concurrent cycle initiation, reason: still doing mixed collections, occupancy: 14520680448 bytes, allocation request: 0 bytes, threshold: 10146860235 bytes (45.00 %), source: end of GC]



 # Mixed GC结束,因为经过一次Mixed GC回收之后,已经不满足G1HeapWastePercent阈值条件了,这里人为设置为了10%,默认5%.

 348769.107: [G1Ergonomics (Mixed GCs) do not continue mixed GCs, reason: reclaimable percentage not over threshold, candidate old regions: 865 regions, reclaimable: 2253014792 bytes (9.99 %), threshold: 10.00 %]
, 0.1003312 secs]
   [Parallel Time: 95.0 ms, GC Workers: 13]
      [GC Worker Start (ms): Min: 348769007.7, Avg: 348769007.9, Max: 348769008.0, Diff: 0.3]
      [Ext Root Scanning (ms): Min: 1.0, Avg: 1.2, Max: 1.3, Diff: 0.4, Sum: 15.1]
      [Update RS (ms): Min: 9.5, Avg: 9.6, Max: 9.8, Diff: 0.4, Sum: 125.1]
         [Processed Buffers: Min: 18, Avg: 22.1, Max: 35, Diff: 17, Sum: 287]
      [Scan RS (ms): Min: 44.9, Avg: 45.3, Max: 45.5, Diff: 0.6, Sum: 588.6]
      [Code Root Scanning (ms): Min: 0.0, Avg: 0.1, Max: 0.8, Diff: 0.8, Sum: 0.8]
      [Object Copy (ms): Min: 38.1, Avg: 38.3, Max: 38.4, Diff: 0.3, Sum: 498.4]
      [Termination (ms): Min: 0.0, Avg: 0.0, Max: 0.0, Diff: 0.0, Sum: 0.0]
         [Termination Attempts: Min: 1, Avg: 1.4, Max: 3, Diff: 2, Sum: 18]
      [GC Worker Other (ms): Min: 0.0, Avg: 0.1, Max: 0.1, Diff: 0.1, Sum: 0.7]
      [GC Worker Total (ms): Min: 94.3, Avg: 94.5, Max: 94.7, Diff: 0.3, Sum: 1228.7]
      [GC Worker End (ms): Min: 348769102.3, Avg: 348769102.4, Max: 348769102.4, Diff: 0.1]
   [Code Root Fixup: 0.0 ms]
   [Code Root Purge: 0.0 ms]
   [Clear CT: 1.2 ms]
   [Other: 4.2 ms]
      [Choose CSet: 0.3 ms]
      [Ref Proc: 0.4 ms]
      [Ref Enq: 0.0 ms]
      [Redirty Cards: 1.0 ms]
      [Humongous Register: 0.2 ms]
      [Humongous Reclaim: 0.0 ms]
      [Free CSet: 1.3 ms]
   [Eden: 960.0M(960.0M)->0.0B(5312.0M) Survivors: 112.0M->96.0M Heap: 14.6G(21.0G)->13.6G(21.0G)]
 [Times: user=1.24 sys=0.00, real=0.10 secs] 



# 可以看到,此处恢复到了普通 young gc,当然,这里又判断满足开启全局并发标记周期的条件了,因此这个JVM的G1相关参数,还是需要调整的,不然会经常开启全局并发标记周期

2021-03-22T17:41:47.393+0800: 349340.907: [GC pause (G1 Evacuation Pause) (young) 349340.908: [G1Ergonomics (CSet Construction) start choosing CSet, _pending_cards: 57835, predicted base time: 16.26 ms, remaining time: 83.74 ms, target pause time: 100.00 ms]
 349340.908: [G1Ergonomics (CSet Construction) add young regions to CSet, eden: 664 regions, survivors: 12 regions, predicted young region time: 72.60 ms]
 349340.908: [G1Ergonomics (CSet Construction) finish choosing CSet, eden: 664 regions, survivors: 12 regions, old: 0 regions, predicted pause time: 88.85 ms, target pause time: 100.00 ms]
 349340.994: [G1Ergonomics (Concurrent Cycles) request concurrent cycle initiation, reason: occupancy higher than threshold, occupancy: 14520680448 bytes, allocation request: 0 bytes, threshold: 10146860235 bytes (45.00 %), source: end of GC]
, 0.0866046 secs]
   [Parallel Time: 80.6 ms, GC Workers: 13]
      [GC Worker Start (ms): Min: 349340908.1, Avg: 349340908.3, Max: 349340908.4, Diff: 0.3]
      [Ext Root Scanning (ms): Min: 0.9, Avg: 1.1, Max: 1.3, Diff: 0.3, Sum: 14.0]
      [Update RS (ms): Min: 10.3, Avg: 10.5, Max: 10.8, Diff: 0.4, Sum: 136.3]
         [Processed Buffers: Min: 17, Avg: 21.5, Max: 29, Diff: 12, Sum: 280]
      [Scan RS (ms): Min: 40.4, Avg: 40.7, Max: 40.9, Diff: 0.4, Sum: 529.1]
      [Code Root Scanning (ms): Min: 0.0, Avg: 0.0, Max: 0.0, Diff: 0.0, Sum: 0.1]
      [Object Copy (ms): Min: 27.7, Avg: 27.8, Max: 27.8, Diff: 0.1, Sum: 360.8]
      [Termination (ms): Min: 0.0, Avg: 0.0, Max: 0.0, Diff: 0.0, Sum: 0.1]
         [Termination Attempts: Min: 1, Avg: 8.2, Max: 11, Diff: 10, Sum: 107]
      [GC Worker Other (ms): Min: 0.0, Avg: 0.1, Max: 0.2, Diff: 0.2, Sum: 1.3]
      [GC Worker Total (ms): Min: 79.9, Avg: 80.1, Max: 80.3, Diff: 0.4, Sum: 1041.5]
      [GC Worker End (ms): Min: 349340988.3, Avg: 349340988.4, Max: 349340988.5, Diff: 0.1]
   [Code Root Fixup: 0.0 ms]
   [Code Root Purge: 0.0 ms]
   [Clear CT: 1.4 ms]
   [Other: 4.6 ms]
      [Choose CSet: 0.0 ms]
      [Ref Proc: 0.5 ms]
      [Ref Enq: 0.0 ms]
      [Redirty Cards: 0.9 ms]
      [Humongous Register: 0.2 ms]
      [Humongous Reclaim: 0.0 ms]
      [Free CSet: 1.9 ms]
   [Eden: 5312.0M(5312.0M)->0.0B(5280.0M) Survivors: 96.0M->112.0M Heap: 18.8G(21.0G)->13.6G(21.0G)]
 [Times: user=1.06 sys=0.00, real=0.09 secs] 
```



<br><br>
## <span id="jump4">Full GC</span>

众所周知,G1在Mixed回收过程中是伴随着用户程序并发的,因此当清理的速度赶不上新分配的速度,导致空间不够用了,就是出现Evacuation Failure,类似CMS的 Concurrent Mode Failure.这时,就会完全STW,进行Full GC.G1是没有提供Full GC支持的,它会退化为Serial Old来完成Full GC,同CMS.<br>